src/components/AtlasAnalysisPanel.tsx(15,40): error TS2307: Cannot find module './AnomalyPanel' or its corresponding type declarations.
src/components/AtlasAnalysisPanel.tsx(16,45): error TS2307: Cannot find module './SchoolDetailPanel' or its corresponding type declarations.
src/components/AtlasSidebar.tsx(11,40): error TS2307: Cannot find module './AnomalyPanel' or its corresponding type declarations.
src/components/AtlasSidebar.tsx(12,45): error TS2307: Cannot find module './SchoolDetailPanel' or its corresponding type declarations.
src/hooks/derived/useLocalAnalytics.ts(45,101): error TS2345: Argument of type 'AnalyticsFilters' is not assignable to parameter of type 'DashboardFilters'.
  Property 'searchText' is missing in type 'AnalyticsFilters' but required in type 'DashboardFilters'.
src/hooks/derived/useLocalAnalytics.ts(46,80): error TS2345: Argument of type 'AnalyticsFilters' is not assignable to parameter of type 'DashboardFilters'.
  Property 'searchText' is missing in type 'AnalyticsFilters' but required in type 'DashboardFilters'.
src/hooks/derived/useLocalAnalytics.ts(47,102): error TS2345: Argument of type 'AnalyticsFilters' is not assignable to parameter of type 'DashboardFilters'.
  Property 'searchText' is missing in type 'AnalyticsFilters' but required in type 'DashboardFilters'.
src/hooks/derived/useLocalAnalytics.ts(50,78): error TS2345: Argument of type 'AnalyticsFilters' is not assignable to parameter of type 'DashboardFilters'.
  Property 'searchText' is missing in type 'AnalyticsFilters' but required in type 'DashboardFilters'.
src/hooks/derived/useNationalAnalytics.ts(36,71): error TS2345: Argument of type 'AnalyticsFilters' is not assignable to parameter of type 'DashboardFilters'.
  Property 'searchText' is missing in type 'AnalyticsFilters' but required in type 'DashboardFilters'.
src/hooks/derived/useNationalAnalytics.ts(37,93): error TS2345: Argument of type 'AnalyticsFilters' is not assignable to parameter of type 'DashboardFilters'.
  Property 'searchText' is missing in type 'AnalyticsFilters' but required in type 'DashboardFilters'.
src/hooks/derived/useNationalAnalytics.ts(38,99): error TS2345: Argument of type 'AnalyticsFilters' is not assignable to parameter of type 'Pick<DashboardFilters, "year" | "region" | "managementType" | "searchText">'.
  Property 'searchText' is missing in type 'AnalyticsFilters' but required in type 'Pick<DashboardFilters, "year" | "region" | "managementType" | "searchText">'.
src/hooks/derived/useRegionalAnalytics.ts(52,76): error TS2345: Argument of type 'AnalyticsFilters' is not assignable to parameter of type 'DashboardFilters'.
  Property 'searchText' is missing in type 'AnalyticsFilters' but required in type 'DashboardFilters'.
src/hooks/derived/useRegionalAnalytics.ts(63,9): error TS2353: Object literal may only specify known properties, and 'students' does not exist in type 'CountySummaryRecord'.
src/hooks/derived/useRegionalAnalytics.ts(76,28): error TS2345: Argument of type 'CountySummaryRecord' is not assignable to parameter of type 'CountySummary'.
  Type 'CountySummaryRecord' is missing the following properties from type 'CountySummary': students, schools, delta, deltaRatio, and 2 more.
src/hooks/derived/useRegionalAnalytics.ts(80,87): error TS2345: Argument of type 'AnalyticsFilters' is not assignable to parameter of type 'Pick<DashboardFilters, "year" | "educationLevel" | "searchText">'.
  Property 'searchText' is missing in type 'AnalyticsFilters' but required in type 'Pick<DashboardFilters, "year" | "educationLevel" | "searchText">'.
src/hooks/derived/useRegionalAnalytics.ts(85,117): error TS2345: Argument of type 'AnalyticsFilters' is not assignable to parameter of type 'DashboardFilters'.
  Property 'searchText' is missing in type 'AnalyticsFilters' but required in type 'DashboardFilters'.
src/hooks/useAtlasScenarioActions.ts(14,1): error TS6133: 'SchoolMapPoint' is declared but its value is never read.
